// Jest Snapshot v1, https://goo.gl/fbAQLP

exports[`OwnerCard should render as per the snapshot 1`] = `
<div
  className="card"
>
  <div
    className="card-header"
    color="primary"
  >
    First
     
    Last
  </div>
  <div
    className="card-content"
  >
    1234 Main St.
  </div>
</div>
`;
